Archive member included because of file (symbol)

e:/navigation science and space technology/courses/amit/sdk_win_64/sdk_win_64/winavr/bin/../lib/gcc/avr/4.3.3/avr5\libgcc.a(_udivmodqi4.o)
                              ./APP/Heater Control/HeaterControl_Program.o (__udivmodqi4)
e:/navigation science and space technology/courses/amit/sdk_win_64/sdk_win_64/winavr/bin/../lib/gcc/avr/4.3.3/avr5\libgcc.a(_udivmodhi4.o)
                              ./APP/Heater Control/HeaterControl_Program.o (__udivmodhi4)
e:/navigation science and space technology/courses/amit/sdk_win_64/sdk_win_64/winavr/bin/../lib/gcc/avr/4.3.3/avr5\libgcc.a(_exit.o)
                              e:/navigation science and space technology/courses/amit/sdk_win_64/sdk_win_64/winavr/bin/../lib/gcc/avr/4.3.3/../../../../avr/lib/avr5/crtm32.o (exit)
e:/navigation science and space technology/courses/amit/sdk_win_64/sdk_win_64/winavr/bin/../lib/gcc/avr/4.3.3/avr5\libgcc.a(_copy_data.o)
                              ./MCAL/DIO/DIO_Config.o (__do_copy_data)
e:/navigation science and space technology/courses/amit/sdk_win_64/sdk_win_64/winavr/bin/../lib/gcc/avr/4.3.3/avr5\libgcc.a(_clear_bss.o)
                              ./MCAL/TIMER/Timer_Program.o (__do_clear_bss)
e:/navigation science and space technology/courses/amit/sdk_win_64/sdk_win_64/winavr/bin/../lib/gcc/avr/4.3.3/avr5\libgcc.a(_fixunssfsi.o)
                              ./HAL/SSD/SSD_Program.o (__fixunssfsi)
e:/navigation science and space technology/courses/amit/sdk_win_64/sdk_win_64/winavr/bin/../lib/gcc/avr/4.3.3/avr5\libgcc.a(_addsub_sf.o)
                              e:/navigation science and space technology/courses/amit/sdk_win_64/sdk_win_64/winavr/bin/../lib/gcc/avr/4.3.3/avr5\libgcc.a(_fixunssfsi.o) (__subsf3)
e:/navigation science and space technology/courses/amit/sdk_win_64/sdk_win_64/winavr/bin/../lib/gcc/avr/4.3.3/avr5\libgcc.a(_mul_sf.o)
                              ./HAL/SSD/SSD_Program.o (__mulsf3)
e:/navigation science and space technology/courses/amit/sdk_win_64/sdk_win_64/winavr/bin/../lib/gcc/avr/4.3.3/avr5\libgcc.a(_div_sf.o)
                              ./HAL/SSD/SSD_Program.o (__divsf3)
e:/navigation science and space technology/courses/amit/sdk_win_64/sdk_win_64/winavr/bin/../lib/gcc/avr/4.3.3/avr5\libgcc.a(_gt_sf.o)
                              ./HAL/SSD/SSD_Program.o (__gtsf2)
e:/navigation science and space technology/courses/amit/sdk_win_64/sdk_win_64/winavr/bin/../lib/gcc/avr/4.3.3/avr5\libgcc.a(_ge_sf.o)
                              e:/navigation science and space technology/courses/amit/sdk_win_64/sdk_win_64/winavr/bin/../lib/gcc/avr/4.3.3/avr5\libgcc.a(_fixunssfsi.o) (__gesf2)
e:/navigation science and space technology/courses/amit/sdk_win_64/sdk_win_64/winavr/bin/../lib/gcc/avr/4.3.3/avr5\libgcc.a(_lt_sf.o)
                              ./HAL/SSD/SSD_Program.o (__ltsf2)
e:/navigation science and space technology/courses/amit/sdk_win_64/sdk_win_64/winavr/bin/../lib/gcc/avr/4.3.3/avr5\libgcc.a(_sf_to_si.o)
                              e:/navigation science and space technology/courses/amit/sdk_win_64/sdk_win_64/winavr/bin/../lib/gcc/avr/4.3.3/avr5\libgcc.a(_fixunssfsi.o) (__fixsfsi)
e:/navigation science and space technology/courses/amit/sdk_win_64/sdk_win_64/winavr/bin/../lib/gcc/avr/4.3.3/avr5\libgcc.a(_thenan_sf.o)
                              e:/navigation science and space technology/courses/amit/sdk_win_64/sdk_win_64/winavr/bin/../lib/gcc/avr/4.3.3/avr5\libgcc.a(_addsub_sf.o) (__thenan_sf)
e:/navigation science and space technology/courses/amit/sdk_win_64/sdk_win_64/winavr/bin/../lib/gcc/avr/4.3.3/avr5\libgcc.a(_prologue.o)
                              e:/navigation science and space technology/courses/amit/sdk_win_64/sdk_win_64/winavr/bin/../lib/gcc/avr/4.3.3/avr5\libgcc.a(_addsub_sf.o) (__prologue_saves__)
e:/navigation science and space technology/courses/amit/sdk_win_64/sdk_win_64/winavr/bin/../lib/gcc/avr/4.3.3/avr5\libgcc.a(_epilogue.o)
                              e:/navigation science and space technology/courses/amit/sdk_win_64/sdk_win_64/winavr/bin/../lib/gcc/avr/4.3.3/avr5\libgcc.a(_addsub_sf.o) (__epilogue_restores__)
e:/navigation science and space technology/courses/amit/sdk_win_64/sdk_win_64/winavr/bin/../lib/gcc/avr/4.3.3/avr5\libgcc.a(_pack_sf.o)
                              e:/navigation science and space technology/courses/amit/sdk_win_64/sdk_win_64/winavr/bin/../lib/gcc/avr/4.3.3/avr5\libgcc.a(_addsub_sf.o) (__pack_f)
e:/navigation science and space technology/courses/amit/sdk_win_64/sdk_win_64/winavr/bin/../lib/gcc/avr/4.3.3/avr5\libgcc.a(_unpack_sf.o)
                              e:/navigation science and space technology/courses/amit/sdk_win_64/sdk_win_64/winavr/bin/../lib/gcc/avr/4.3.3/avr5\libgcc.a(_addsub_sf.o) (__unpack_f)
e:/navigation science and space technology/courses/amit/sdk_win_64/sdk_win_64/winavr/bin/../lib/gcc/avr/4.3.3/avr5\libgcc.a(_fpcmp_parts_sf.o)
                              e:/navigation science and space technology/courses/amit/sdk_win_64/sdk_win_64/winavr/bin/../lib/gcc/avr/4.3.3/avr5\libgcc.a(_gt_sf.o) (__fpcmp_parts_f)

Memory Configuration

Name             Origin             Length             Attributes
text             0x00000000         0x00020000         xr
data             0x00800060         0x0000ffa0         rw !x
eeprom           0x00810000         0x00010000         rw !x
fuse             0x00820000         0x00000400         rw !x
lock             0x00830000         0x00000400         rw !x
signature        0x00840000         0x00000400         rw !x
*default*        0x00000000         0xffffffff

Linker script and memory map

LOAD e:/navigation science and space technology/courses/amit/sdk_win_64/sdk_win_64/winavr/bin/../lib/gcc/avr/4.3.3/../../../../avr/lib/avr5/crtm32.o
LOAD ./MCAL/TIMER/Timer_Program.o
LOAD ./MCAL/GINT/GIE_Program.o
LOAD ./MCAL/EINT/Ext_Int_Program.o
LOAD ./MCAL/EEPROM/EEPROM_Program.o
LOAD ./MCAL/DIO/DIO_Config.o
LOAD ./MCAL/DIO/DIO_Program.o
LOAD ./MCAL/ADC/ADC_Program.o
LOAD ./HAL/SSD/SSD_Program.o
LOAD ./HAL/Relay/Relay_Program.o
LOAD ./HAL/Peltier/Peltier_Program.o
LOAD ./HAL/LM35/LM35_Program.o
LOAD ./HAL/LED/Led_Program.o
LOAD ./HAL/Ceramic Heater/CeramicHeater_Program.o
LOAD ./HAL/Button/Button_Program.o
LOAD ./APP/State Machine/StateMachine_Program.o
LOAD ./APP/Heater Control/HeaterControl_Program.o
LOAD ./APP/main.o
LOAD e:/navigation science and space technology/courses/amit/sdk_win_64/sdk_win_64/winavr/bin/../lib/gcc/avr/4.3.3/avr5\libgcc.a
LOAD e:/navigation science and space technology/courses/amit/sdk_win_64/sdk_win_64/winavr/bin/../lib/gcc/avr/4.3.3/../../../../avr/lib/avr5\libc.a
LOAD e:/navigation science and space technology/courses/amit/sdk_win_64/sdk_win_64/winavr/bin/../lib/gcc/avr/4.3.3/avr5\libgcc.a

.hash
 *(.hash)

.dynsym
 *(.dynsym)

.dynstr
 *(.dynstr)

.gnu.version
 *(.gnu.version)

.gnu.version_d
 *(.gnu.version_d)

.gnu.version_r
 *(.gnu.version_r)

.rel.init
 *(.rel.init)

.rela.init
 *(.rela.init)

.rel.text
 *(.rel.text)
 *(.rel.text.*)
 *(.rel.gnu.linkonce.t*)

.rela.text
 *(.rela.text)
 *(.rela.text.*)
 *(.rela.gnu.linkonce.t*)

.rel.fini
 *(.rel.fini)

.rela.fini
 *(.rela.fini)

.rel.rodata
 *(.rel.rodata)
 *(.rel.rodata.*)
 *(.rel.gnu.linkonce.r*)

.rela.rodata
 *(.rela.rodata)
 *(.rela.rodata.*)
 *(.rela.gnu.linkonce.r*)

.rel.data
 *(.rel.data)
 *(.rel.data.*)
 *(.rel.gnu.linkonce.d*)

.rela.data
 *(.rela.data)
 *(.rela.data.*)
 *(.rela.gnu.linkonce.d*)

.rel.ctors
 *(.rel.ctors)

.rela.ctors
 *(.rela.ctors)

.rel.dtors
 *(.rel.dtors)

.rela.dtors
 *(.rela.dtors)

.rel.got
 *(.rel.got)

.rela.got
 *(.rela.got)

.rel.bss
 *(.rel.bss)

.rela.bss
 *(.rela.bss)

.rel.plt
 *(.rel.plt)

.rela.plt
 *(.rela.plt)

.text           0x00000000     0x2b6a
 *(.vectors)
 .vectors       0x00000000       0x54 e:/navigation science and space technology/courses/amit/sdk_win_64/sdk_win_64/winavr/bin/../lib/gcc/avr/4.3.3/../../../../avr/lib/avr5/crtm32.o
                0x00000000                __vectors
                0x00000000                __vector_default
 *(.vectors)
 *(.progmem.gcc*)
 *(.progmem*)
                0x00000054                . = ALIGN (0x2)
                0x00000054                __trampolines_start = .
 *(.trampolines)
 .trampolines   0x00000054        0x0 linker stubs
 *(.trampolines*)
                0x00000054                __trampolines_end = .
 *(.jumptables)
 *(.jumptables*)
 *(.lowtext)
 *(.lowtext*)
                0x00000054                __ctors_start = .
 *(.ctors)
                0x00000054                __ctors_end = .
                0x00000054                __dtors_start = .
 *(.dtors)
                0x00000054                __dtors_end = .
 SORT(*)(.ctors)
 SORT(*)(.dtors)
 *(.init0)
 .init0         0x00000054        0x0 e:/navigation science and space technology/courses/amit/sdk_win_64/sdk_win_64/winavr/bin/../lib/gcc/avr/4.3.3/../../../../avr/lib/avr5/crtm32.o
                0x00000054                __init
 *(.init0)
 *(.init1)
 *(.init1)
 *(.init2)
 .init2         0x00000054        0xc e:/navigation science and space technology/courses/amit/sdk_win_64/sdk_win_64/winavr/bin/../lib/gcc/avr/4.3.3/../../../../avr/lib/avr5/crtm32.o
 *(.init2)
 *(.init3)
 *(.init3)
 *(.init4)
 .init4         0x00000060       0x16 e:/navigation science and space technology/courses/amit/sdk_win_64/sdk_win_64/winavr/bin/../lib/gcc/avr/4.3.3/avr5\libgcc.a(_copy_data.o)
                0x00000060                __do_copy_data
 .init4         0x00000076       0x10 e:/navigation science and space technology/courses/amit/sdk_win_64/sdk_win_64/winavr/bin/../lib/gcc/avr/4.3.3/avr5\libgcc.a(_clear_bss.o)
                0x00000076                __do_clear_bss
 *(.init4)
 *(.init5)
 *(.init5)
 *(.init6)
 *(.init6)
 *(.init7)
 *(.init7)
 *(.init8)
 *(.init8)
 *(.init9)
 .init9         0x00000086        0x8 e:/navigation science and space technology/courses/amit/sdk_win_64/sdk_win_64/winavr/bin/../lib/gcc/avr/4.3.3/../../../../avr/lib/avr5/crtm32.o
 *(.init9)
 *(.text)
 .text          0x0000008e        0x4 e:/navigation science and space technology/courses/amit/sdk_win_64/sdk_win_64/winavr/bin/../lib/gcc/avr/4.3.3/../../../../avr/lib/avr5/crtm32.o
                0x0000008e                __vector_12
                0x0000008e                __bad_interrupt
                0x0000008e                __vector_6
                0x0000008e                __vector_3
                0x0000008e                __vector_13
                0x0000008e                __vector_17
                0x0000008e                __vector_19
                0x0000008e                __vector_7
                0x0000008e                __vector_4
                0x0000008e                __vector_9
                0x0000008e                __vector_2
                0x0000008e                __vector_15
                0x0000008e                __vector_8
                0x0000008e                __vector_14
                0x0000008e                __vector_10
                0x0000008e                __vector_16
                0x0000008e                __vector_18
                0x0000008e                __vector_20
 .text          0x00000092        0x0 ./MCAL/TIMER/Timer_Program.o
 .text          0x00000092        0x0 ./MCAL/GINT/GIE_Program.o
 .text          0x00000092        0x0 ./MCAL/EINT/Ext_Int_Program.o
 .text          0x00000092        0x0 ./MCAL/EEPROM/EEPROM_Program.o
 .text          0x00000092        0x0 ./MCAL/DIO/DIO_Config.o
 .text          0x00000092        0x0 ./MCAL/DIO/DIO_Program.o
 .text          0x00000092        0x0 ./MCAL/ADC/ADC_Program.o
 .text          0x00000092        0x0 ./HAL/SSD/SSD_Program.o
 .text          0x00000092        0x0 ./HAL/Relay/Relay_Program.o
 .text          0x00000092        0x0 ./HAL/Peltier/Peltier_Program.o
 .text          0x00000092        0x0 ./HAL/LM35/LM35_Program.o
 .text          0x00000092        0x0 ./HAL/LED/Led_Program.o
 .text          0x00000092        0x0 ./HAL/Ceramic Heater/CeramicHeater_Program.o
 .text          0x00000092        0x0 ./HAL/Button/Button_Program.o
 .text          0x00000092        0x0 ./APP/State Machine/StateMachine_Program.o
 .text          0x00000092        0x0 ./APP/Heater Control/HeaterControl_Program.o
 .text          0x00000092        0x0 ./APP/main.o
 .text          0x00000092        0x0 e:/navigation science and space technology/courses/amit/sdk_win_64/sdk_win_64/winavr/bin/../lib/gcc/avr/4.3.3/avr5\libgcc.a(_udivmodqi4.o)
 .text          0x00000092        0x0 e:/navigation science and space technology/courses/amit/sdk_win_64/sdk_win_64/winavr/bin/../lib/gcc/avr/4.3.3/avr5\libgcc.a(_udivmodhi4.o)
 .text          0x00000092        0x0 e:/navigation science and space technology/courses/amit/sdk_win_64/sdk_win_64/winavr/bin/../lib/gcc/avr/4.3.3/avr5\libgcc.a(_exit.o)
 .text          0x00000092        0x0 e:/navigation science and space technology/courses/amit/sdk_win_64/sdk_win_64/winavr/bin/../lib/gcc/avr/4.3.3/avr5\libgcc.a(_copy_data.o)
 .text          0x00000092        0x0 e:/navigation science and space technology/courses/amit/sdk_win_64/sdk_win_64/winavr/bin/../lib/gcc/avr/4.3.3/avr5\libgcc.a(_clear_bss.o)
 .text          0x00000092       0x58 e:/navigation science and space technology/courses/amit/sdk_win_64/sdk_win_64/winavr/bin/../lib/gcc/avr/4.3.3/avr5\libgcc.a(_fixunssfsi.o)
                0x00000092                __fixunssfsi
 .text          0x000000ea      0x354 e:/navigation science and space technology/courses/amit/sdk_win_64/sdk_win_64/winavr/bin/../lib/gcc/avr/4.3.3/avr5\libgcc.a(_addsub_sf.o)
                0x00000382                __subsf3
                0x000003e4                __addsf3
 .text          0x0000043e      0x1f4 e:/navigation science and space technology/courses/amit/sdk_win_64/sdk_win_64/winavr/bin/../lib/gcc/avr/4.3.3/avr5\libgcc.a(_mul_sf.o)
                0x0000043e                __mulsf3
 .text          0x00000632      0x158 e:/navigation science and space technology/courses/amit/sdk_win_64/sdk_win_64/winavr/bin/../lib/gcc/avr/4.3.3/avr5\libgcc.a(_div_sf.o)
                0x00000632                __divsf3
 .text          0x0000078a       0x60 e:/navigation science and space technology/courses/amit/sdk_win_64/sdk_win_64/winavr/bin/../lib/gcc/avr/4.3.3/avr5\libgcc.a(_gt_sf.o)
                0x0000078a                __gtsf2
 .text          0x000007ea       0x60 e:/navigation science and space technology/courses/amit/sdk_win_64/sdk_win_64/winavr/bin/../lib/gcc/avr/4.3.3/avr5\libgcc.a(_ge_sf.o)
                0x000007ea                __gesf2
 .text          0x0000084a       0x60 e:/navigation science and space technology/courses/amit/sdk_win_64/sdk_win_64/winavr/bin/../lib/gcc/avr/4.3.3/avr5\libgcc.a(_lt_sf.o)
                0x0000084a                __ltsf2
 .text          0x000008aa       0xa8 e:/navigation science and space technology/courses/amit/sdk_win_64/sdk_win_64/winavr/bin/../lib/gcc/avr/4.3.3/avr5\libgcc.a(_sf_to_si.o)
                0x000008aa                __fixsfsi
 .text          0x00000952        0x0 e:/navigation science and space technology/courses/amit/sdk_win_64/sdk_win_64/winavr/bin/../lib/gcc/avr/4.3.3/avr5\libgcc.a(_thenan_sf.o)
 .text          0x00000952        0x0 e:/navigation science and space technology/courses/amit/sdk_win_64/sdk_win_64/winavr/bin/../lib/gcc/avr/4.3.3/avr5\libgcc.a(_prologue.o)
 .text          0x00000952        0x0 e:/navigation science and space technology/courses/amit/sdk_win_64/sdk_win_64/winavr/bin/../lib/gcc/avr/4.3.3/avr5\libgcc.a(_epilogue.o)
 .text          0x00000952      0x1aa e:/navigation science and space technology/courses/amit/sdk_win_64/sdk_win_64/winavr/bin/../lib/gcc/avr/4.3.3/avr5\libgcc.a(_pack_sf.o)
                0x00000952                __pack_f
 .text          0x00000afc       0xf0 e:/navigation science and space technology/courses/amit/sdk_win_64/sdk_win_64/winavr/bin/../lib/gcc/avr/4.3.3/avr5\libgcc.a(_unpack_sf.o)
                0x00000afc                __unpack_f
 .text          0x00000bec       0xb2 e:/navigation science and space technology/courses/amit/sdk_win_64/sdk_win_64/winavr/bin/../lib/gcc/avr/4.3.3/avr5\libgcc.a(_fpcmp_parts_sf.o)
                0x00000bec                __fpcmp_parts_f
                0x00000c9e                . = ALIGN (0x2)
 *(.text.*)
 .text.Timer0_Init
                0x00000c9e       0x72 ./MCAL/TIMER/Timer_Program.o
                0x00000c9e                Timer0_Init
 .text.Timer0_Start
                0x00000d10      0x170 ./MCAL/TIMER/Timer_Program.o
                0x00000d10                Timer0_Start
 .text.Timer0_Stop
                0x00000e80       0x38 ./MCAL/TIMER/Timer_Program.o
                0x00000e80                Timer0_Stop
 .text.Timer0_SetPreload
                0x00000eb8       0x1c ./MCAL/TIMER/Timer_Program.o
                0x00000eb8                Timer0_SetPreload
 .text.__vector_11
                0x00000ed4       0x90 ./MCAL/TIMER/Timer_Program.o
                0x00000ed4                __vector_11
 .text.Timer0_GetPreload
                0x00000f64       0x14 ./MCAL/TIMER/Timer_Program.o
                0x00000f64                Timer0_GetPreload
 .text.Timer0_EnableInterrupt
                0x00000f78       0x1c ./MCAL/TIMER/Timer_Program.o
                0x00000f78                Timer0_EnableInterrupt
 .text.Timer0_DisableInterrupt
                0x00000f94       0x1c ./MCAL/TIMER/Timer_Program.o
                0x00000f94                Timer0_DisableInterrupt
 .text.Timer0_SetCallBack
                0x00000fb0       0x24 ./MCAL/TIMER/Timer_Program.o
                0x00000fb0                Timer0_SetCallBack
 .text.Timer2_Init
                0x00000fd4       0x72 ./MCAL/TIMER/Timer_Program.o
                0x00000fd4                Timer2_Init
 .text.Timer2_Start
                0x00001046      0x170 ./MCAL/TIMER/Timer_Program.o
                0x00001046                Timer2_Start
 .text.Timer2_Stop
                0x000011b6       0x38 ./MCAL/TIMER/Timer_Program.o
                0x000011b6                Timer2_Stop
 .text.Timer2_SetPreload
                0x000011ee       0x1c ./MCAL/TIMER/Timer_Program.o
                0x000011ee                Timer2_SetPreload
 .text.__vector_5
                0x0000120a       0x90 ./MCAL/TIMER/Timer_Program.o
                0x0000120a                __vector_5
 .text.Timer2_GetPreload
                0x0000129a       0x14 ./MCAL/TIMER/Timer_Program.o
                0x0000129a                Timer2_GetPreload
 .text.Timer2_EnableInterrupt
                0x000012ae       0x1c ./MCAL/TIMER/Timer_Program.o
                0x000012ae                Timer2_EnableInterrupt
 .text.Timer2_DisableInterrupt
                0x000012ca       0x1c ./MCAL/TIMER/Timer_Program.o
                0x000012ca                Timer2_DisableInterrupt
 .text.Timer2_SetCallBack
                0x000012e6       0x24 ./MCAL/TIMER/Timer_Program.o
                0x000012e6                Timer2_SetCallBack
 .text.GINT_Enable_AllInterrupts
                0x0000130a       0x1c ./MCAL/GINT/GIE_Program.o
                0x0000130a                GINT_Enable_AllInterrupts
 .text.GINT_Disable_AllInterrupts
                0x00001326       0x1c ./MCAL/GINT/GIE_Program.o
                0x00001326                GINT_Disable_AllInterrupts
 .text.Ext_INT_Enable
                0x00001342       0x6c ./MCAL/EINT/Ext_Int_Program.o
                0x00001342                Ext_INT_Enable
 .text.Ext_INT_Disable
                0x000013ae       0x6c ./MCAL/EINT/Ext_Int_Program.o
                0x000013ae                Ext_INT_Disable
 .text.Ext_INT_SnControl
                0x0000141a       0xa0 ./MCAL/EINT/Ext_Int_Program.o
                0x0000141a                Ext_INT_SnControl
 .text.Ext_INT_SetCallBack
                0x000014ba       0x24 ./MCAL/EINT/Ext_Int_Program.o
                0x000014ba                Ext_INT_SetCallBack
 .text.__vector_1
                0x000014de       0x5a ./MCAL/EINT/Ext_Int_Program.o
                0x000014de                __vector_1
 .text.EEPROM_write
                0x00001538       0x6a ./MCAL/EEPROM/EEPROM_Program.o
                0x00001538                EEPROM_write
 .text.EEPROM_read
                0x000015a2       0x54 ./MCAL/EEPROM/EEPROM_Program.o
                0x000015a2                EEPROM_read
 .text.DIO_Init
                0x000015f6      0x224 ./MCAL/DIO/DIO_Config.o
                0x000015f6                DIO_Init
 .text.DIO_WriteChannel
                0x0000181a      0x1d6 ./MCAL/DIO/DIO_Program.o
                0x0000181a                DIO_WriteChannel
 .text.DIO_ReadChannel
                0x000019f0      0x104 ./MCAL/DIO/DIO_Program.o
                0x000019f0                DIO_ReadChannel
 .text.DIO_ToggleChannel
                0x00001af4      0x10c ./MCAL/DIO/DIO_Program.o
                0x00001af4                DIO_ToggleChannel
 .text.DIO_ReadPort
                0x00001c00       0x84 ./MCAL/DIO/DIO_Program.o
                0x00001c00                DIO_ReadPort
 .text.DIO_WritePort
                0x00001c84       0x82 ./MCAL/DIO/DIO_Program.o
                0x00001c84                DIO_WritePort
 .text.DIO_ConfigureChannel
                0x00001d06      0x1d6 ./MCAL/DIO/DIO_Program.o
                0x00001d06                DIO_ConfigureChannel
 .text.ADC_Init
                0x00001edc       0x62 ./MCAL/ADC/ADC_Program.o
                0x00001edc                ADC_Init
 .text.ADC_Read
                0x00001f3e       0x92 ./MCAL/ADC/ADC_Program.o
                0x00001f3e                ADC_Read
 .text.SSD_Init
                0x00001fd0       0x5a ./HAL/SSD/SSD_Program.o
                0x00001fd0                SSD_Init
 .text.SSD_WriteNum
                0x0000202a      0x3ae ./HAL/SSD/SSD_Program.o
                0x0000202a                SSD_WriteNum
 .text.Relay_Init
                0x000023d8       0x2e ./HAL/Relay/Relay_Program.o
                0x000023d8                Relay_Init
 .text.Relay_switchON
                0x00002406       0x1c ./HAL/Relay/Relay_Program.o
                0x00002406                Relay_switchON
 .text.Relay_switchOFF
                0x00002422       0x1c ./HAL/Relay/Relay_Program.o
                0x00002422                Relay_switchOFF
 .text.Peltier_Init
                0x0000243e       0x1c ./HAL/Peltier/Peltier_Program.o
                0x0000243e                Peltier_Init
 .text.Peltier_SetMode
                0x0000245a       0x44 ./HAL/Peltier/Peltier_Program.o
                0x0000245a                Peltier_SetMode
 .text.LM35_Init
                0x0000249e       0x12 ./HAL/LM35/LM35_Program.o
                0x0000249e                LM35_Init
 .text.LM35_Read
                0x000024b0       0x54 ./HAL/LM35/LM35_Program.o
                0x000024b0                LM35_Read
 .text.LED_Init
                0x00002504       0x26 ./HAL/LED/Led_Program.o
                0x00002504                LED_Init
 .text.SetLED_ON
                0x0000252a       0x1c ./HAL/LED/Led_Program.o
                0x0000252a                SetLED_ON
 .text.SetLED_OFF
                0x00002546       0x1c ./HAL/LED/Led_Program.o
                0x00002546                SetLED_OFF
 .text.Flip_LED
                0x00002562       0x1a ./HAL/LED/Led_Program.o
                0x00002562                Flip_LED
 .text.Heater_Init
                0x0000257c       0x1c ./HAL/Ceramic Heater/CeramicHeater_Program.o
                0x0000257c                Heater_Init
 .text.Heater_SetMode
                0x00002598       0x44 ./HAL/Ceramic Heater/CeramicHeater_Program.o
                0x00002598                Heater_SetMode
 .text.Button_Init
                0x000025dc       0x26 ./HAL/Button/Button_Program.o
                0x000025dc                Button_Init
 .text.Button_getState
                0x00002602       0x22 ./HAL/Button/Button_Program.o
                0x00002602                Button_getState
 .text.SM_Init  0x00002624       0x28 ./APP/State Machine/StateMachine_Program.o
                0x00002624                SM_Init
 .text.SM       0x0000264c       0x40 ./APP/State Machine/StateMachine_Program.o
                0x0000264c                SM
 .text.Change_WaterHeater_State
                0x0000268c       0x46 ./APP/State Machine/StateMachine_Program.o
                0x0000268c                Change_WaterHeater_State
 .text.WaterHeater_Control_Init
                0x000026d2       0x78 ./APP/Heater Control/HeaterControl_Program.o
                0x000026d2                WaterHeater_Control_Init
 .text.WaterHeater_Control
                0x0000274a      0x1f0 ./APP/Heater Control/HeaterControl_Program.o
                0x0000274a                WaterHeater_Control
 .text.Read_WaterTemperature
                0x0000293a       0xc2 ./APP/Heater Control/HeaterControl_Program.o
                0x0000293a                Read_WaterTemperature
 .text.Blink_SetPointTemperature_and_HeaterLED
                0x000029fc       0x84 ./APP/Heater Control/HeaterControl_Program.o
                0x000029fc                Blink_SetPointTemperature_and_HeaterLED
 .text.Stop_WaterHeater_Operation
                0x00002a80       0x22 ./APP/Heater Control/HeaterControl_Program.o
                0x00002a80                Stop_WaterHeater_Operation
 .text.main     0x00002aa2       0x16 ./APP/main.o
                0x00002aa2                main
 .text.libgcc   0x00002ab8       0x18 e:/navigation science and space technology/courses/amit/sdk_win_64/sdk_win_64/winavr/bin/../lib/gcc/avr/4.3.3/avr5\libgcc.a(_udivmodqi4.o)
                0x00002ab8                __udivmodqi4
 .text.libgcc   0x00002ad0       0x28 e:/navigation science and space technology/courses/amit/sdk_win_64/sdk_win_64/winavr/bin/../lib/gcc/avr/4.3.3/avr5\libgcc.a(_udivmodhi4.o)
                0x00002ad0                __udivmodhi4
 .text.libgcc   0x00002af8        0x0 e:/navigation science and space technology/courses/amit/sdk_win_64/sdk_win_64/winavr/bin/../lib/gcc/avr/4.3.3/avr5\libgcc.a(_exit.o)
 .text.libgcc   0x00002af8        0x0 e:/navigation science and space technology/courses/amit/sdk_win_64/sdk_win_64/winavr/bin/../lib/gcc/avr/4.3.3/avr5\libgcc.a(_copy_data.o)
 .text.libgcc   0x00002af8        0x0 e:/navigation science and space technology/courses/amit/sdk_win_64/sdk_win_64/winavr/bin/../lib/gcc/avr/4.3.3/avr5\libgcc.a(_clear_bss.o)
 .text.libgcc   0x00002af8       0x38 e:/navigation science and space technology/courses/amit/sdk_win_64/sdk_win_64/winavr/bin/../lib/gcc/avr/4.3.3/avr5\libgcc.a(_prologue.o)
                0x00002af8                __prologue_saves__
 .text.libgcc   0x00002b30       0x36 e:/navigation science and space technology/courses/amit/sdk_win_64/sdk_win_64/winavr/bin/../lib/gcc/avr/4.3.3/avr5\libgcc.a(_epilogue.o)
                0x00002b30                __epilogue_restores__
                0x00002b66                . = ALIGN (0x2)
 *(.fini9)
 .fini9         0x00002b66        0x0 e:/navigation science and space technology/courses/amit/sdk_win_64/sdk_win_64/winavr/bin/../lib/gcc/avr/4.3.3/avr5\libgcc.a(_exit.o)
                0x00002b66                exit
                0x00002b66                _exit
 *(.fini9)
 *(.fini8)
 *(.fini8)
 *(.fini7)
 *(.fini7)
 *(.fini6)
 *(.fini6)
 *(.fini5)
 *(.fini5)
 *(.fini4)
 *(.fini4)
 *(.fini3)
 *(.fini3)
 *(.fini2)
 *(.fini2)
 *(.fini1)
 *(.fini1)
 *(.fini0)
 .fini0         0x00002b66        0x4 e:/navigation science and space technology/courses/amit/sdk_win_64/sdk_win_64/winavr/bin/../lib/gcc/avr/4.3.3/avr5\libgcc.a(_exit.o)
 *(.fini0)
                0x00002b6a                _etext = .

.data           0x00800060       0x4a load address 0x00002b6a
                0x00800060                PROVIDE (__data_start, .)
 *(.data)
 .data          0x00800060        0x0 e:/navigation science and space technology/courses/amit/sdk_win_64/sdk_win_64/winavr/bin/../lib/gcc/avr/4.3.3/../../../../avr/lib/avr5/crtm32.o
 .data          0x00800060        0x0 ./MCAL/TIMER/Timer_Program.o
 .data          0x00800060        0x0 ./MCAL/GINT/GIE_Program.o
 .data          0x00800060        0x0 ./MCAL/EINT/Ext_Int_Program.o
 .data          0x00800060        0x0 ./MCAL/EEPROM/EEPROM_Program.o
 .data          0x00800060        0x0 ./MCAL/DIO/DIO_Config.o
 .data          0x00800060        0x0 ./MCAL/DIO/DIO_Program.o
 .data          0x00800060        0x0 ./MCAL/ADC/ADC_Program.o
 .data          0x00800060        0x0 ./HAL/SSD/SSD_Program.o
 .data          0x00800060        0x0 ./HAL/Relay/Relay_Program.o
 .data          0x00800060        0x0 ./HAL/Peltier/Peltier_Program.o
 .data          0x00800060        0x0 ./HAL/LM35/LM35_Program.o
 .data          0x00800060        0x0 ./HAL/LED/Led_Program.o
 .data          0x00800060        0x0 ./HAL/Ceramic Heater/CeramicHeater_Program.o
 .data          0x00800060        0x0 ./HAL/Button/Button_Program.o
 .data          0x00800060        0x0 ./APP/State Machine/StateMachine_Program.o
 .data          0x00800060        0x0 ./APP/Heater Control/HeaterControl_Program.o
 .data          0x00800060        0x0 ./APP/main.o
 .data          0x00800060        0x0 e:/navigation science and space technology/courses/amit/sdk_win_64/sdk_win_64/winavr/bin/../lib/gcc/avr/4.3.3/avr5\libgcc.a(_udivmodqi4.o)
 .data          0x00800060        0x0 e:/navigation science and space technology/courses/amit/sdk_win_64/sdk_win_64/winavr/bin/../lib/gcc/avr/4.3.3/avr5\libgcc.a(_udivmodhi4.o)
 .data          0x00800060        0x0 e:/navigation science and space technology/courses/amit/sdk_win_64/sdk_win_64/winavr/bin/../lib/gcc/avr/4.3.3/avr5\libgcc.a(_exit.o)
 .data          0x00800060        0x0 e:/navigation science and space technology/courses/amit/sdk_win_64/sdk_win_64/winavr/bin/../lib/gcc/avr/4.3.3/avr5\libgcc.a(_copy_data.o)
 .data          0x00800060        0x0 e:/navigation science and space technology/courses/amit/sdk_win_64/sdk_win_64/winavr/bin/../lib/gcc/avr/4.3.3/avr5\libgcc.a(_clear_bss.o)
 .data          0x00800060        0x0 e:/navigation science and space technology/courses/amit/sdk_win_64/sdk_win_64/winavr/bin/../lib/gcc/avr/4.3.3/avr5\libgcc.a(_fixunssfsi.o)
 .data          0x00800060        0x0 e:/navigation science and space technology/courses/amit/sdk_win_64/sdk_win_64/winavr/bin/../lib/gcc/avr/4.3.3/avr5\libgcc.a(_addsub_sf.o)
 .data          0x00800060        0x0 e:/navigation science and space technology/courses/amit/sdk_win_64/sdk_win_64/winavr/bin/../lib/gcc/avr/4.3.3/avr5\libgcc.a(_mul_sf.o)
 .data          0x00800060        0x0 e:/navigation science and space technology/courses/amit/sdk_win_64/sdk_win_64/winavr/bin/../lib/gcc/avr/4.3.3/avr5\libgcc.a(_div_sf.o)
 .data          0x00800060        0x0 e:/navigation science and space technology/courses/amit/sdk_win_64/sdk_win_64/winavr/bin/../lib/gcc/avr/4.3.3/avr5\libgcc.a(_gt_sf.o)
 .data          0x00800060        0x0 e:/navigation science and space technology/courses/amit/sdk_win_64/sdk_win_64/winavr/bin/../lib/gcc/avr/4.3.3/avr5\libgcc.a(_ge_sf.o)
 .data          0x00800060        0x0 e:/navigation science and space technology/courses/amit/sdk_win_64/sdk_win_64/winavr/bin/../lib/gcc/avr/4.3.3/avr5\libgcc.a(_lt_sf.o)
 .data          0x00800060        0x0 e:/navigation science and space technology/courses/amit/sdk_win_64/sdk_win_64/winavr/bin/../lib/gcc/avr/4.3.3/avr5\libgcc.a(_sf_to_si.o)
 .data          0x00800060        0x8 e:/navigation science and space technology/courses/amit/sdk_win_64/sdk_win_64/winavr/bin/../lib/gcc/avr/4.3.3/avr5\libgcc.a(_thenan_sf.o)
                0x00800060                __thenan_sf
 .data          0x00800068        0x0 e:/navigation science and space technology/courses/amit/sdk_win_64/sdk_win_64/winavr/bin/../lib/gcc/avr/4.3.3/avr5\libgcc.a(_prologue.o)
 .data          0x00800068        0x0 e:/navigation science and space technology/courses/amit/sdk_win_64/sdk_win_64/winavr/bin/../lib/gcc/avr/4.3.3/avr5\libgcc.a(_epilogue.o)
 .data          0x00800068        0x0 e:/navigation science and space technology/courses/amit/sdk_win_64/sdk_win_64/winavr/bin/../lib/gcc/avr/4.3.3/avr5\libgcc.a(_pack_sf.o)
 .data          0x00800068        0x0 e:/navigation science and space technology/courses/amit/sdk_win_64/sdk_win_64/winavr/bin/../lib/gcc/avr/4.3.3/avr5\libgcc.a(_unpack_sf.o)
 .data          0x00800068        0x0 e:/navigation science and space technology/courses/amit/sdk_win_64/sdk_win_64/winavr/bin/../lib/gcc/avr/4.3.3/avr5\libgcc.a(_fpcmp_parts_sf.o)
 *(.data*)
 .data.PinCfg   0x00800068       0x40 ./MCAL/DIO/DIO_Config.o
                0x00800068                PinCfg
 .data.StartLEDTimer_Flag
                0x008000a8        0x1 ./APP/Heater Control/HeaterControl_Program.o
 .data.Display_Flag
                0x008000a9        0x1 ./APP/Heater Control/HeaterControl_Program.o
 *(.rodata)
 *(.rodata*)
 *(.gnu.linkonce.d*)
                0x008000aa                . = ALIGN (0x2)
                0x008000aa                _edata = .
                0x008000aa                PROVIDE (__data_end, .)

.bss            0x008000aa       0x1a
                0x008000aa                PROVIDE (__bss_start, .)
 *(.bss)
 .bss           0x008000aa        0x0 e:/navigation science and space technology/courses/amit/sdk_win_64/sdk_win_64/winavr/bin/../lib/gcc/avr/4.3.3/../../../../avr/lib/avr5/crtm32.o
 .bss           0x008000aa        0x0 ./MCAL/TIMER/Timer_Program.o
 .bss           0x008000aa        0x0 ./MCAL/GINT/GIE_Program.o
 .bss           0x008000aa        0x0 ./MCAL/EINT/Ext_Int_Program.o
 .bss           0x008000aa        0x0 ./MCAL/EEPROM/EEPROM_Program.o
 .bss           0x008000aa        0x0 ./MCAL/DIO/DIO_Config.o
 .bss           0x008000aa        0x0 ./MCAL/DIO/DIO_Program.o
 .bss           0x008000aa        0x0 ./MCAL/ADC/ADC_Program.o
 .bss           0x008000aa        0x0 ./HAL/SSD/SSD_Program.o
 .bss           0x008000aa        0x0 ./HAL/Relay/Relay_Program.o
 .bss           0x008000aa        0x0 ./HAL/Peltier/Peltier_Program.o
 .bss           0x008000aa        0x0 ./HAL/LM35/LM35_Program.o
 .bss           0x008000aa        0x0 ./HAL/LED/Led_Program.o
 .bss           0x008000aa        0x0 ./HAL/Ceramic Heater/CeramicHeater_Program.o
 .bss           0x008000aa        0x0 ./HAL/Button/Button_Program.o
 .bss           0x008000aa        0x0 ./APP/State Machine/StateMachine_Program.o
 .bss           0x008000aa        0x0 ./APP/Heater Control/HeaterControl_Program.o
 .bss           0x008000aa        0x0 ./APP/main.o
 .bss           0x008000aa        0x0 e:/navigation science and space technology/courses/amit/sdk_win_64/sdk_win_64/winavr/bin/../lib/gcc/avr/4.3.3/avr5\libgcc.a(_udivmodqi4.o)
 .bss           0x008000aa        0x0 e:/navigation science and space technology/courses/amit/sdk_win_64/sdk_win_64/winavr/bin/../lib/gcc/avr/4.3.3/avr5\libgcc.a(_udivmodhi4.o)
 .bss           0x008000aa        0x0 e:/navigation science and space technology/courses/amit/sdk_win_64/sdk_win_64/winavr/bin/../lib/gcc/avr/4.3.3/avr5\libgcc.a(_exit.o)
 .bss           0x008000aa        0x0 e:/navigation science and space technology/courses/amit/sdk_win_64/sdk_win_64/winavr/bin/../lib/gcc/avr/4.3.3/avr5\libgcc.a(_copy_data.o)
 .bss           0x008000aa        0x0 e:/navigation science and space technology/courses/amit/sdk_win_64/sdk_win_64/winavr/bin/../lib/gcc/avr/4.3.3/avr5\libgcc.a(_clear_bss.o)
 .bss           0x008000aa        0x0 e:/navigation science and space technology/courses/amit/sdk_win_64/sdk_win_64/winavr/bin/../lib/gcc/avr/4.3.3/avr5\libgcc.a(_fixunssfsi.o)
 .bss           0x008000aa        0x0 e:/navigation science and space technology/courses/amit/sdk_win_64/sdk_win_64/winavr/bin/../lib/gcc/avr/4.3.3/avr5\libgcc.a(_addsub_sf.o)
 .bss           0x008000aa        0x0 e:/navigation science and space technology/courses/amit/sdk_win_64/sdk_win_64/winavr/bin/../lib/gcc/avr/4.3.3/avr5\libgcc.a(_mul_sf.o)
 .bss           0x008000aa        0x0 e:/navigation science and space technology/courses/amit/sdk_win_64/sdk_win_64/winavr/bin/../lib/gcc/avr/4.3.3/avr5\libgcc.a(_div_sf.o)
 .bss           0x008000aa        0x0 e:/navigation science and space technology/courses/amit/sdk_win_64/sdk_win_64/winavr/bin/../lib/gcc/avr/4.3.3/avr5\libgcc.a(_gt_sf.o)
 .bss           0x008000aa        0x0 e:/navigation science and space technology/courses/amit/sdk_win_64/sdk_win_64/winavr/bin/../lib/gcc/avr/4.3.3/avr5\libgcc.a(_ge_sf.o)
 .bss           0x008000aa        0x0 e:/navigation science and space technology/courses/amit/sdk_win_64/sdk_win_64/winavr/bin/../lib/gcc/avr/4.3.3/avr5\libgcc.a(_lt_sf.o)
 .bss           0x008000aa        0x0 e:/navigation science and space technology/courses/amit/sdk_win_64/sdk_win_64/winavr/bin/../lib/gcc/avr/4.3.3/avr5\libgcc.a(_sf_to_si.o)
 .bss           0x008000aa        0x0 e:/navigation science and space technology/courses/amit/sdk_win_64/sdk_win_64/winavr/bin/../lib/gcc/avr/4.3.3/avr5\libgcc.a(_thenan_sf.o)
 .bss           0x008000aa        0x0 e:/navigation science and space technology/courses/amit/sdk_win_64/sdk_win_64/winavr/bin/../lib/gcc/avr/4.3.3/avr5\libgcc.a(_prologue.o)
 .bss           0x008000aa        0x0 e:/navigation science and space technology/courses/amit/sdk_win_64/sdk_win_64/winavr/bin/../lib/gcc/avr/4.3.3/avr5\libgcc.a(_epilogue.o)
 .bss           0x008000aa        0x0 e:/navigation science and space technology/courses/amit/sdk_win_64/sdk_win_64/winavr/bin/../lib/gcc/avr/4.3.3/avr5\libgcc.a(_pack_sf.o)
 .bss           0x008000aa        0x0 e:/navigation science and space technology/courses/amit/sdk_win_64/sdk_win_64/winavr/bin/../lib/gcc/avr/4.3.3/avr5\libgcc.a(_unpack_sf.o)
 .bss           0x008000aa        0x0 e:/navigation science and space technology/courses/amit/sdk_win_64/sdk_win_64/winavr/bin/../lib/gcc/avr/4.3.3/avr5\libgcc.a(_fpcmp_parts_sf.o)
 *(.bss*)
 .bss.Timer0_CallBack_Ptr
                0x008000aa        0x2 ./MCAL/TIMER/Timer_Program.o
 .bss.Timer2_CallBack_Ptr
                0x008000ac        0x2 ./MCAL/TIMER/Timer_Program.o
 .bss.ovfCounter.1416
                0x008000ae        0x2 ./MCAL/TIMER/Timer_Program.o
 .bss.ovfCounter.1606
                0x008000b0        0x2 ./MCAL/TIMER/Timer_Program.o
 .bss.ExtINT_CallBack_Ptr
                0x008000b2        0x2 ./MCAL/EINT/Ext_Int_Program.o
 .bss.ButtonState_Flag
                0x008000b4        0x1 ./APP/State Machine/StateMachine_Program.o
 .bss.state     0x008000b5        0x1 ./APP/State Machine/StateMachine_Program.o
 .bss.TempReadings_Avg
                0x008000b6        0x1 ./APP/Heater Control/HeaterControl_Program.o
 .bss.ButtonsReleased_Counter
                0x008000b7        0x1 ./APP/Heater Control/HeaterControl_Program.o
 .bss.StartSSDTimer_Flag
                0x008000b8        0x1 ./APP/Heater Control/HeaterControl_Program.o
 .bss.LED_Blink_Flag
                0x008000b9        0x1 ./APP/Heater Control/HeaterControl_Program.o
 .bss.SSD_Blink_Flag
                0x008000ba        0x1 ./APP/Heater Control/HeaterControl_Program.o
 .bss.TempDisplay_Flag
                0x008000bb        0x1 ./APP/Heater Control/HeaterControl_Program.o
 .bss.ButtonDebouncing_Flag.1492
                0x008000bc        0x1 ./APP/Heater Control/HeaterControl_Program.o
 .bss.TempReadings_Counter.1569
                0x008000bd        0x1 ./APP/Heater Control/HeaterControl_Program.o
 .bss.Temp_Sum.1568
                0x008000be        0x2 ./APP/Heater Control/HeaterControl_Program.o
 .bss.prevTemp.1567
                0x008000c0        0x1 ./APP/Heater Control/HeaterControl_Program.o
 .bss.WaterHeater_mode
                0x008000c1        0x1 ./APP/Heater Control/HeaterControl_Program.o
 .bss.Temperature
                0x008000c2        0x1 ./APP/Heater Control/HeaterControl_Program.o
 .bss.Setpoint  0x008000c3        0x1 ./APP/Heater Control/HeaterControl_Program.o
 *(COMMON)
                0x008000c4                PROVIDE (__bss_end, .)
                0x00002b6a                __data_load_start = LOADADDR (.data)
                0x00002bb4                __data_load_end = (__data_load_start + SIZEOF (.data))

.noinit         0x008000c4        0x0
                0x008000c4                PROVIDE (__noinit_start, .)
 *(.noinit*)
                0x008000c4                PROVIDE (__noinit_end, .)
                0x008000c4                _end = .
                0x008000c4                PROVIDE (__heap_start, .)

.eeprom         0x00810000        0x0
 *(.eeprom*)
                0x00810000                __eeprom_end = .

.fuse
 *(.fuse)
 *(.lfuse)
 *(.hfuse)
 *(.efuse)

.lock
 *(.lock*)

.signature
 *(.signature*)

.stab           0x00000000     0x495c
 *(.stab)
 .stab          0x00000000      0x9cc ./MCAL/TIMER/Timer_Program.o
 .stab          0x000009cc      0x1e0 ./MCAL/GINT/GIE_Program.o
                                0x1ec (size before relaxing)
 .stab          0x00000bac      0x42c ./MCAL/EINT/Ext_Int_Program.o
                                0x438 (size before relaxing)
 .stab          0x00000fd8      0x270 ./MCAL/EEPROM/EEPROM_Program.o
                                0x27c (size before relaxing)
 .stab          0x00001248      0x318 ./MCAL/DIO/DIO_Config.o
                                0x324 (size before relaxing)
 .stab          0x00001560      0x600 ./MCAL/DIO/DIO_Program.o
                                0x6e4 (size before relaxing)
 .stab          0x00001b60      0x2d0 ./MCAL/ADC/ADC_Program.o
                                0x2dc (size before relaxing)
 .stab          0x00001e30      0x7f8 ./HAL/SSD/SSD_Program.o
                                0x804 (size before relaxing)
 .stab          0x00002628      0x2d0 ./HAL/Relay/Relay_Program.o
                                0x2dc (size before relaxing)
 .stab          0x000028f8      0x2dc ./HAL/Peltier/Peltier_Program.o
                                0x2e8 (size before relaxing)
 .stab          0x00002bd4      0x270 ./HAL/LM35/LM35_Program.o
                                0x27c (size before relaxing)
 .stab          0x00002e44      0x300 ./HAL/LED/Led_Program.o
                                0x30c (size before relaxing)
 .stab          0x00003144      0x2dc ./HAL/Ceramic Heater/CeramicHeater_Program.o
                                0x2e8 (size before relaxing)
 .stab          0x00003420      0x2c4 ./HAL/Button/Button_Program.o
                                0x2d0 (size before relaxing)
 .stab          0x000036e4      0x594 ./APP/State Machine/StateMachine_Program.o
                                0x72c (size before relaxing)
 .stab          0x00003c78      0xaa4 ./APP/Heater Control/HeaterControl_Program.o
                                0xc3c (size before relaxing)
 .stab          0x0000471c      0x240 ./APP/main.o
                                0x63c (size before relaxing)

.stabstr        0x00000000     0x41a3
 *(.stabstr)
 .stabstr       0x00000000     0x41a3 ./MCAL/TIMER/Timer_Program.o

.stab.excl
 *(.stab.excl)

.stab.exclstr
 *(.stab.exclstr)

.stab.index
 *(.stab.index)

.stab.indexstr
 *(.stab.indexstr)

.comment
 *(.comment)

.debug
 *(.debug)

.line
 *(.line)

.debug_srcinfo
 *(.debug_srcinfo)

.debug_sfnames
 *(.debug_sfnames)

.debug_aranges  0x00000000      0x160
 *(.debug_aranges)
 .debug_aranges
                0x00000000       0x20 e:/navigation science and space technology/courses/amit/sdk_win_64/sdk_win_64/winavr/bin/../lib/gcc/avr/4.3.3/avr5\libgcc.a(_fixunssfsi.o)
 .debug_aranges
                0x00000020       0x20 e:/navigation science and space technology/courses/amit/sdk_win_64/sdk_win_64/winavr/bin/../lib/gcc/avr/4.3.3/avr5\libgcc.a(_addsub_sf.o)
 .debug_aranges
                0x00000040       0x20 e:/navigation science and space technology/courses/amit/sdk_win_64/sdk_win_64/winavr/bin/../lib/gcc/avr/4.3.3/avr5\libgcc.a(_mul_sf.o)
 .debug_aranges
                0x00000060       0x20 e:/navigation science and space technology/courses/amit/sdk_win_64/sdk_win_64/winavr/bin/../lib/gcc/avr/4.3.3/avr5\libgcc.a(_div_sf.o)
 .debug_aranges
                0x00000080       0x20 e:/navigation science and space technology/courses/amit/sdk_win_64/sdk_win_64/winavr/bin/../lib/gcc/avr/4.3.3/avr5\libgcc.a(_gt_sf.o)
 .debug_aranges
                0x000000a0       0x20 e:/navigation science and space technology/courses/amit/sdk_win_64/sdk_win_64/winavr/bin/../lib/gcc/avr/4.3.3/avr5\libgcc.a(_ge_sf.o)
 .debug_aranges
                0x000000c0       0x20 e:/navigation science and space technology/courses/amit/sdk_win_64/sdk_win_64/winavr/bin/../lib/gcc/avr/4.3.3/avr5\libgcc.a(_lt_sf.o)
 .debug_aranges
                0x000000e0       0x20 e:/navigation science and space technology/courses/amit/sdk_win_64/sdk_win_64/winavr/bin/../lib/gcc/avr/4.3.3/avr5\libgcc.a(_sf_to_si.o)
 .debug_aranges
                0x00000100       0x20 e:/navigation science and space technology/courses/amit/sdk_win_64/sdk_win_64/winavr/bin/../lib/gcc/avr/4.3.3/avr5\libgcc.a(_pack_sf.o)
 .debug_aranges
                0x00000120       0x20 e:/navigation science and space technology/courses/amit/sdk_win_64/sdk_win_64/winavr/bin/../lib/gcc/avr/4.3.3/avr5\libgcc.a(_unpack_sf.o)
 .debug_aranges
                0x00000140       0x20 e:/navigation science and space technology/courses/amit/sdk_win_64/sdk_win_64/winavr/bin/../lib/gcc/avr/4.3.3/avr5\libgcc.a(_fpcmp_parts_sf.o)

.debug_pubnames
                0x00000000      0x18f
 *(.debug_pubnames)
 .debug_pubnames
                0x00000000       0x23 e:/navigation science and space technology/courses/amit/sdk_win_64/sdk_win_64/winavr/bin/../lib/gcc/avr/4.3.3/avr5\libgcc.a(_fixunssfsi.o)
 .debug_pubnames
                0x00000023       0x2c e:/navigation science and space technology/courses/amit/sdk_win_64/sdk_win_64/winavr/bin/../lib/gcc/avr/4.3.3/avr5\libgcc.a(_addsub_sf.o)
 .debug_pubnames
                0x0000004f       0x1f e:/navigation science and space technology/courses/amit/sdk_win_64/sdk_win_64/winavr/bin/../lib/gcc/avr/4.3.3/avr5\libgcc.a(_mul_sf.o)
 .debug_pubnames
                0x0000006e       0x1f e:/navigation science and space technology/courses/amit/sdk_win_64/sdk_win_64/winavr/bin/../lib/gcc/avr/4.3.3/avr5\libgcc.a(_div_sf.o)
 .debug_pubnames
                0x0000008d       0x1e e:/navigation science and space technology/courses/amit/sdk_win_64/sdk_win_64/winavr/bin/../lib/gcc/avr/4.3.3/avr5\libgcc.a(_gt_sf.o)
 .debug_pubnames
                0x000000ab       0x1e e:/navigation science and space technology/courses/amit/sdk_win_64/sdk_win_64/winavr/bin/../lib/gcc/avr/4.3.3/avr5\libgcc.a(_ge_sf.o)
 .debug_pubnames
                0x000000c9       0x1e e:/navigation science and space technology/courses/amit/sdk_win_64/sdk_win_64/winavr/bin/../lib/gcc/avr/4.3.3/avr5\libgcc.a(_lt_sf.o)
 .debug_pubnames
                0x000000e7       0x20 e:/navigation science and space technology/courses/amit/sdk_win_64/sdk_win_64/winavr/bin/../lib/gcc/avr/4.3.3/avr5\libgcc.a(_sf_to_si.o)
 .debug_pubnames
                0x00000107       0x22 e:/navigation science and space technology/courses/amit/sdk_win_64/sdk_win_64/winavr/bin/../lib/gcc/avr/4.3.3/avr5\libgcc.a(_thenan_sf.o)
 .debug_pubnames
                0x00000129       0x1f e:/navigation science and space technology/courses/amit/sdk_win_64/sdk_win_64/winavr/bin/../lib/gcc/avr/4.3.3/avr5\libgcc.a(_pack_sf.o)
 .debug_pubnames
                0x00000148       0x21 e:/navigation science and space technology/courses/amit/sdk_win_64/sdk_win_64/winavr/bin/../lib/gcc/avr/4.3.3/avr5\libgcc.a(_unpack_sf.o)
 .debug_pubnames
                0x00000169       0x26 e:/navigation science and space technology/courses/amit/sdk_win_64/sdk_win_64/winavr/bin/../lib/gcc/avr/4.3.3/avr5\libgcc.a(_fpcmp_parts_sf.o)

.debug_info     0x00000000     0x2045
 *(.debug_info)
 .debug_info    0x00000000       0xb1 e:/navigation science and space technology/courses/amit/sdk_win_64/sdk_win_64/winavr/bin/../lib/gcc/avr/4.3.3/avr5\libgcc.a(_fixunssfsi.o)
 .debug_info    0x000000b1      0x47a e:/navigation science and space technology/courses/amit/sdk_win_64/sdk_win_64/winavr/bin/../lib/gcc/avr/4.3.3/avr5\libgcc.a(_addsub_sf.o)
 .debug_info    0x0000052b      0x485 e:/navigation science and space technology/courses/amit/sdk_win_64/sdk_win_64/winavr/bin/../lib/gcc/avr/4.3.3/avr5\libgcc.a(_mul_sf.o)
 .debug_info    0x000009b0      0x3fc e:/navigation science and space technology/courses/amit/sdk_win_64/sdk_win_64/winavr/bin/../lib/gcc/avr/4.3.3/avr5\libgcc.a(_div_sf.o)
 .debug_info    0x00000dac      0x27f e:/navigation science and space technology/courses/amit/sdk_win_64/sdk_win_64/winavr/bin/../lib/gcc/avr/4.3.3/avr5\libgcc.a(_gt_sf.o)
 .debug_info    0x0000102b      0x27f e:/navigation science and space technology/courses/amit/sdk_win_64/sdk_win_64/winavr/bin/../lib/gcc/avr/4.3.3/avr5\libgcc.a(_ge_sf.o)
 .debug_info    0x000012aa      0x27f e:/navigation science and space technology/courses/amit/sdk_win_64/sdk_win_64/winavr/bin/../lib/gcc/avr/4.3.3/avr5\libgcc.a(_lt_sf.o)
 .debug_info    0x00001529      0x2b0 e:/navigation science and space technology/courses/amit/sdk_win_64/sdk_win_64/winavr/bin/../lib/gcc/avr/4.3.3/avr5\libgcc.a(_sf_to_si.o)
 .debug_info    0x000017d9      0x12c e:/navigation science and space technology/courses/amit/sdk_win_64/sdk_win_64/winavr/bin/../lib/gcc/avr/4.3.3/avr5\libgcc.a(_thenan_sf.o)
 .debug_info    0x00001905      0x2df e:/navigation science and space technology/courses/amit/sdk_win_64/sdk_win_64/winavr/bin/../lib/gcc/avr/4.3.3/avr5\libgcc.a(_pack_sf.o)
 .debug_info    0x00001be4      0x251 e:/navigation science and space technology/courses/amit/sdk_win_64/sdk_win_64/winavr/bin/../lib/gcc/avr/4.3.3/avr5\libgcc.a(_unpack_sf.o)
 .debug_info    0x00001e35      0x210 e:/navigation science and space technology/courses/amit/sdk_win_64/sdk_win_64/winavr/bin/../lib/gcc/avr/4.3.3/avr5\libgcc.a(_fpcmp_parts_sf.o)
 *(.gnu.linkonce.wi.*)

.debug_abbrev   0x00000000     0x1101
 *(.debug_abbrev)
 .debug_abbrev  0x00000000       0x5d e:/navigation science and space technology/courses/amit/sdk_win_64/sdk_win_64/winavr/bin/../lib/gcc/avr/4.3.3/avr5\libgcc.a(_fixunssfsi.o)
 .debug_abbrev  0x0000005d      0x1ea e:/navigation science and space technology/courses/amit/sdk_win_64/sdk_win_64/winavr/bin/../lib/gcc/avr/4.3.3/avr5\libgcc.a(_addsub_sf.o)
 .debug_abbrev  0x00000247      0x21b e:/navigation science and space technology/courses/amit/sdk_win_64/sdk_win_64/winavr/bin/../lib/gcc/avr/4.3.3/avr5\libgcc.a(_mul_sf.o)
 .debug_abbrev  0x00000462      0x216 e:/navigation science and space technology/courses/amit/sdk_win_64/sdk_win_64/winavr/bin/../lib/gcc/avr/4.3.3/avr5\libgcc.a(_div_sf.o)
 .debug_abbrev  0x00000678      0x15a e:/navigation science and space technology/courses/amit/sdk_win_64/sdk_win_64/winavr/bin/../lib/gcc/avr/4.3.3/avr5\libgcc.a(_gt_sf.o)
 .debug_abbrev  0x000007d2      0x15a e:/navigation science and space technology/courses/amit/sdk_win_64/sdk_win_64/winavr/bin/../lib/gcc/avr/4.3.3/avr5\libgcc.a(_ge_sf.o)
 .debug_abbrev  0x0000092c      0x15a e:/navigation science and space technology/courses/amit/sdk_win_64/sdk_win_64/winavr/bin/../lib/gcc/avr/4.3.3/avr5\libgcc.a(_lt_sf.o)
 .debug_abbrev  0x00000a86      0x17f e:/navigation science and space technology/courses/amit/sdk_win_64/sdk_win_64/winavr/bin/../lib/gcc/avr/4.3.3/avr5\libgcc.a(_sf_to_si.o)
 .debug_abbrev  0x00000c05       0xad e:/navigation science and space technology/courses/amit/sdk_win_64/sdk_win_64/winavr/bin/../lib/gcc/avr/4.3.3/avr5\libgcc.a(_thenan_sf.o)
 .debug_abbrev  0x00000cb2      0x1c0 e:/navigation science and space technology/courses/amit/sdk_win_64/sdk_win_64/winavr/bin/../lib/gcc/avr/4.3.3/avr5\libgcc.a(_pack_sf.o)
 .debug_abbrev  0x00000e72      0x154 e:/navigation science and space technology/courses/amit/sdk_win_64/sdk_win_64/winavr/bin/../lib/gcc/avr/4.3.3/avr5\libgcc.a(_unpack_sf.o)
 .debug_abbrev  0x00000fc6      0x13b e:/navigation science and space technology/courses/amit/sdk_win_64/sdk_win_64/winavr/bin/../lib/gcc/avr/4.3.3/avr5\libgcc.a(_fpcmp_parts_sf.o)

.debug_line     0x00000000      0xf82
 *(.debug_line)
 .debug_line    0x00000000       0xa7 e:/navigation science and space technology/courses/amit/sdk_win_64/sdk_win_64/winavr/bin/../lib/gcc/avr/4.3.3/avr5\libgcc.a(_fixunssfsi.o)
 .debug_line    0x000000a7      0x2af e:/navigation science and space technology/courses/amit/sdk_win_64/sdk_win_64/winavr/bin/../lib/gcc/avr/4.3.3/avr5\libgcc.a(_addsub_sf.o)
 .debug_line    0x00000356      0x239 e:/navigation science and space technology/courses/amit/sdk_win_64/sdk_win_64/winavr/bin/../lib/gcc/avr/4.3.3/avr5\libgcc.a(_mul_sf.o)
 .debug_line    0x0000058f      0x1d5 e:/navigation science and space technology/courses/amit/sdk_win_64/sdk_win_64/winavr/bin/../lib/gcc/avr/4.3.3/avr5\libgcc.a(_div_sf.o)
 .debug_line    0x00000764       0xd3 e:/navigation science and space technology/courses/amit/sdk_win_64/sdk_win_64/winavr/bin/../lib/gcc/avr/4.3.3/avr5\libgcc.a(_gt_sf.o)
 .debug_line    0x00000837       0xd3 e:/navigation science and space technology/courses/amit/sdk_win_64/sdk_win_64/winavr/bin/../lib/gcc/avr/4.3.3/avr5\libgcc.a(_ge_sf.o)
 .debug_line    0x0000090a       0xd3 e:/navigation science and space technology/courses/amit/sdk_win_64/sdk_win_64/winavr/bin/../lib/gcc/avr/4.3.3/avr5\libgcc.a(_lt_sf.o)
 .debug_line    0x000009dd      0x109 e:/navigation science and space technology/courses/amit/sdk_win_64/sdk_win_64/winavr/bin/../lib/gcc/avr/4.3.3/avr5\libgcc.a(_sf_to_si.o)
 .debug_line    0x00000ae6       0x90 e:/navigation science and space technology/courses/amit/sdk_win_64/sdk_win_64/winavr/bin/../lib/gcc/avr/4.3.3/avr5\libgcc.a(_thenan_sf.o)
 .debug_line    0x00000b76      0x18a e:/navigation science and space technology/courses/amit/sdk_win_64/sdk_win_64/winavr/bin/../lib/gcc/avr/4.3.3/avr5\libgcc.a(_pack_sf.o)
 .debug_line    0x00000d00      0x14b e:/navigation science and space technology/courses/amit/sdk_win_64/sdk_win_64/winavr/bin/../lib/gcc/avr/4.3.3/avr5\libgcc.a(_unpack_sf.o)
 .debug_line    0x00000e4b      0x137 e:/navigation science and space technology/courses/amit/sdk_win_64/sdk_win_64/winavr/bin/../lib/gcc/avr/4.3.3/avr5\libgcc.a(_fpcmp_parts_sf.o)

.debug_frame    0x00000000      0x180
 *(.debug_frame)
 .debug_frame   0x00000000       0x20 e:/navigation science and space technology/courses/amit/sdk_win_64/sdk_win_64/winavr/bin/../lib/gcc/avr/4.3.3/avr5\libgcc.a(_fixunssfsi.o)
 .debug_frame   0x00000020       0x40 e:/navigation science and space technology/courses/amit/sdk_win_64/sdk_win_64/winavr/bin/../lib/gcc/avr/4.3.3/avr5\libgcc.a(_addsub_sf.o)
 .debug_frame   0x00000060       0x20 e:/navigation science and space technology/courses/amit/sdk_win_64/sdk_win_64/winavr/bin/../lib/gcc/avr/4.3.3/avr5\libgcc.a(_mul_sf.o)
 .debug_frame   0x00000080       0x20 e:/navigation science and space technology/courses/amit/sdk_win_64/sdk_win_64/winavr/bin/../lib/gcc/avr/4.3.3/avr5\libgcc.a(_div_sf.o)
 .debug_frame   0x000000a0       0x20 e:/navigation science and space technology/courses/amit/sdk_win_64/sdk_win_64/winavr/bin/../lib/gcc/avr/4.3.3/avr5\libgcc.a(_gt_sf.o)
 .debug_frame   0x000000c0       0x20 e:/navigation science and space technology/courses/amit/sdk_win_64/sdk_win_64/winavr/bin/../lib/gcc/avr/4.3.3/avr5\libgcc.a(_ge_sf.o)
 .debug_frame   0x000000e0       0x20 e:/navigation science and space technology/courses/amit/sdk_win_64/sdk_win_64/winavr/bin/../lib/gcc/avr/4.3.3/avr5\libgcc.a(_lt_sf.o)
 .debug_frame   0x00000100       0x20 e:/navigation science and space technology/courses/amit/sdk_win_64/sdk_win_64/winavr/bin/../lib/gcc/avr/4.3.3/avr5\libgcc.a(_sf_to_si.o)
 .debug_frame   0x00000120       0x20 e:/navigation science and space technology/courses/amit/sdk_win_64/sdk_win_64/winavr/bin/../lib/gcc/avr/4.3.3/avr5\libgcc.a(_pack_sf.o)
 .debug_frame   0x00000140       0x20 e:/navigation science and space technology/courses/amit/sdk_win_64/sdk_win_64/winavr/bin/../lib/gcc/avr/4.3.3/avr5\libgcc.a(_unpack_sf.o)
 .debug_frame   0x00000160       0x20 e:/navigation science and space technology/courses/amit/sdk_win_64/sdk_win_64/winavr/bin/../lib/gcc/avr/4.3.3/avr5\libgcc.a(_fpcmp_parts_sf.o)

.debug_str      0x00000000      0x2c2
 *(.debug_str)
 .debug_str     0x00000000       0xbf e:/navigation science and space technology/courses/amit/sdk_win_64/sdk_win_64/winavr/bin/../lib/gcc/avr/4.3.3/avr5\libgcc.a(_fixunssfsi.o)
                                 0xfe (size before relaxing)
 .debug_str     0x000000bf      0x14d e:/navigation science and space technology/courses/amit/sdk_win_64/sdk_win_64/winavr/bin/../lib/gcc/avr/4.3.3/avr5\libgcc.a(_addsub_sf.o)
                                0x206 (size before relaxing)
 .debug_str     0x0000020c       0x27 e:/navigation science and space technology/courses/amit/sdk_win_64/sdk_win_64/winavr/bin/../lib/gcc/avr/4.3.3/avr5\libgcc.a(_mul_sf.o)
                                0x1bf (size before relaxing)
 .debug_str     0x00000233       0x35 e:/navigation science and space technology/courses/amit/sdk_win_64/sdk_win_64/winavr/bin/../lib/gcc/avr/4.3.3/avr5\libgcc.a(_div_sf.o)
                                0x1c8 (size before relaxing)
 .debug_str     0x00000268        0xf e:/navigation science and space technology/courses/amit/sdk_win_64/sdk_win_64/winavr/bin/../lib/gcc/avr/4.3.3/avr5\libgcc.a(_gt_sf.o)
                                0x195 (size before relaxing)
 .debug_str     0x00000277        0x8 e:/navigation science and space technology/courses/amit/sdk_win_64/sdk_win_64/winavr/bin/../lib/gcc/avr/4.3.3/avr5\libgcc.a(_ge_sf.o)
                                0x195 (size before relaxing)
 .debug_str     0x0000027f        0x8 e:/navigation science and space technology/courses/amit/sdk_win_64/sdk_win_64/winavr/bin/../lib/gcc/avr/4.3.3/avr5\libgcc.a(_lt_sf.o)
                                0x195 (size before relaxing)
 .debug_str     0x00000287        0xa e:/navigation science and space technology/courses/amit/sdk_win_64/sdk_win_64/winavr/bin/../lib/gcc/avr/4.3.3/avr5\libgcc.a(_sf_to_si.o)
                                0x19e (size before relaxing)
 .debug_str     0x00000000      0x103 e:/navigation science and space technology/courses/amit/sdk_win_64/sdk_win_64/winavr/bin/../lib/gcc/avr/4.3.3/avr5\libgcc.a(_thenan_sf.o)
 .debug_str     0x00000291       0x16 e:/navigation science and space technology/courses/amit/sdk_win_64/sdk_win_64/winavr/bin/../lib/gcc/avr/4.3.3/avr5\libgcc.a(_pack_sf.o)
                                0x19d (size before relaxing)
 .debug_str     0x000002a7        0xb e:/navigation science and space technology/courses/amit/sdk_win_64/sdk_win_64/winavr/bin/../lib/gcc/avr/4.3.3/avr5\libgcc.a(_unpack_sf.o)
                                0x17f (size before relaxing)
 .debug_str     0x000002b2       0x10 e:/navigation science and space technology/courses/amit/sdk_win_64/sdk_win_64/winavr/bin/../lib/gcc/avr/4.3.3/avr5\libgcc.a(_fpcmp_parts_sf.o)
                                0x163 (size before relaxing)

.debug_loc      0x00000000      0x88e
 *(.debug_loc)
 .debug_loc     0x00000000       0x34 e:/navigation science and space technology/courses/amit/sdk_win_64/sdk_win_64/winavr/bin/../lib/gcc/avr/4.3.3/avr5\libgcc.a(_fixunssfsi.o)
 .debug_loc     0x00000034      0x32a e:/navigation science and space technology/courses/amit/sdk_win_64/sdk_win_64/winavr/bin/../lib/gcc/avr/4.3.3/avr5\libgcc.a(_addsub_sf.o)
 .debug_loc     0x0000035e      0x104 e:/navigation science and space technology/courses/amit/sdk_win_64/sdk_win_64/winavr/bin/../lib/gcc/avr/4.3.3/avr5\libgcc.a(_mul_sf.o)
 .debug_loc     0x00000462       0xc0 e:/navigation science and space technology/courses/amit/sdk_win_64/sdk_win_64/winavr/bin/../lib/gcc/avr/4.3.3/avr5\libgcc.a(_div_sf.o)
 .debug_loc     0x00000522       0x3c e:/navigation science and space technology/courses/amit/sdk_win_64/sdk_win_64/winavr/bin/../lib/gcc/avr/4.3.3/avr5\libgcc.a(_gt_sf.o)
 .debug_loc     0x0000055e       0x3c e:/navigation science and space technology/courses/amit/sdk_win_64/sdk_win_64/winavr/bin/../lib/gcc/avr/4.3.3/avr5\libgcc.a(_ge_sf.o)
 .debug_loc     0x0000059a       0x3c e:/navigation science and space technology/courses/amit/sdk_win_64/sdk_win_64/winavr/bin/../lib/gcc/avr/4.3.3/avr5\libgcc.a(_lt_sf.o)
 .debug_loc     0x000005d6       0x7e e:/navigation science and space technology/courses/amit/sdk_win_64/sdk_win_64/winavr/bin/../lib/gcc/avr/4.3.3/avr5\libgcc.a(_sf_to_si.o)
 .debug_loc     0x00000654      0x13e e:/navigation science and space technology/courses/amit/sdk_win_64/sdk_win_64/winavr/bin/../lib/gcc/avr/4.3.3/avr5\libgcc.a(_pack_sf.o)
 .debug_loc     0x00000792       0xac e:/navigation science and space technology/courses/amit/sdk_win_64/sdk_win_64/winavr/bin/../lib/gcc/avr/4.3.3/avr5\libgcc.a(_unpack_sf.o)
 .debug_loc     0x0000083e       0x50 e:/navigation science and space technology/courses/amit/sdk_win_64/sdk_win_64/winavr/bin/../lib/gcc/avr/4.3.3/avr5\libgcc.a(_fpcmp_parts_sf.o)

.debug_macinfo
 *(.debug_macinfo)
OUTPUT(Heater.elf elf32-avr)
LOAD linker stubs

.debug_ranges   0x00000000       0x50
 .debug_ranges  0x00000000       0x50 e:/navigation science and space technology/courses/amit/sdk_win_64/sdk_win_64/winavr/bin/../lib/gcc/avr/4.3.3/avr5\libgcc.a(_mul_sf.o)
